<html><head></head><body><h1 id="test-references-01fc">Test references</h1><h2 id="exercise-1-87a5">Exercise 1</h2><p>This is the first exercise.</p><p>The solution is [<a id="ref-solution-1-89134d2a" href="#cnt-solution-1-89134d2a">1</a>].</p><h2 id="exercise-2-fbbe">Exercise 2</h2><p>This is the second exercise.</p><p>The solution is [<a id="ref-solution-2-c75e90a1" href="#cnt-solution-2-c75e90a1">2</a>].</p><div id="_references"><div id="cnt-solution-1-89134d2a"><a href="#ref-solution-1-89134d2a">1</a> <p>This is the first solution.</p></div><div id="cnt-solution-2-c75e90a1"><a href="#ref-solution-2-c75e90a1">2</a> <p>This is the second solution.</p></div></div></body></html>
