<html><head></head><body><h1 id="variables-6933">Variables</h1><p>This file tests variables. Above there is a definition of the variable <code>answer</code>, which is used in the next sentence.</p><p>The Answer to the Ultimate Question of Life, the Universe, and Everything is 42.</p><p>There is also a definition of a full link macro: <a href="https://en.wikipedia.org/wiki/42_(number)">https://en.wikipedia.org/wiki/42_(number)</a>.</p><p>Interpolation can be blocked escaping the curly braces: {answer}. This happens automatically in verbatim: <code>{answer}</code>.</p><p>Mau supports booleans: True and False.</p><p>You can also use namespaces with a dotted syntax: 5 and 6.</p></body></html>
