<html><head></head><body><h1 id="test-footnotes-1e66">Test footnotes</h1><h1 id="header-1-1aa5">Header 1</h1><p>This file tests that footnotes work as intended<sup>[<a id="ref-footnote-1-94831d44" href="#cnt-footnote-1-94831d44">1</a>]</sup></p><h2 id="header-2-871b">Header 2</h2><p>The list of footnotes should be computed while the parser works on the text, so I expect the command <code>footnotes</code> to contain all of them in any part of the text<sup>[<a id="ref-footnote-2-87d86875" href="#cnt-footnote-2-87d86875">2</a>]</sup></p><div id="_footnotes"><div id="cnt-footnote-1-94831d44"><a href="#ref-footnote-1-94831d44">1</a> <p>Which means that links work and that I can add the command <code>footnotes</code> anywhere in the text.</p></div><div id="cnt-footnote-2-87d86875"><a href="#ref-footnote-2-87d86875">2</a> <p>This is my hope, at least.</p></div><div id="cnt-footnote-3-f96d4fb1"><a href="#ref-footnote-3-f96d4fb1">3</a> <p>Which, as I said, should appear both in the list above and in the one below.</p></div></div><h3 id="header-3-702d">Header 3</h3><p>This is here just to add another footnote<sup>[<a id="ref-footnote-3-f96d4fb1" href="#cnt-footnote-3-f96d4fb1">3</a>]</sup>.</p><div id="_footnotes"><div id="cnt-footnote-1-94831d44"><a href="#ref-footnote-1-94831d44">1</a> <p>Which means that links work and that I can add the command <code>footnotes</code> anywhere in the text.</p></div><div id="cnt-footnote-2-87d86875"><a href="#ref-footnote-2-87d86875">2</a> <p>This is my hope, at least.</p></div><div id="cnt-footnote-3-f96d4fb1"><a href="#ref-footnote-3-f96d4fb1">3</a> <p>Which, as I said, should appear both in the list above and in the one below.</p></div></div></body></html>
